[     711ms] [LOG] https://calamitymod.wiki.gg https://wiki.gg {accountId: 1823, baseEndpoint: https://cdn.privacy-mgmt.com, usnat: Object, gdpr: Object, isSPA: false} @ https://kumo.network-n.com/dist/1.62.0/cmp-sourcepoint.js:0
[     837ms] [LOG] Messaging without detection successfully executed. @ https://cdn.privacy-mgmt.com/unified/wrapperMessagingWithoutDetection.js:0
[     846ms] [LOG] interaction complete @ https://cdn.privacy-mgmt.com/unified/wrapperMessagingWithoutDetection.js:0
[     888ms] [WARNING] %cAdConsent display: inline-block; color: #fff; background: #ffe600; padding: 1px 4px; border-radius: 3px; WARN: A cmp is already registered in the system. AdConsent is stopping. @ https://cdn.snigelweb.com/adengine/wiki.gg/loader.js:0
[    1079ms] [WARNING] %cAdConsent display: inline-block; color: #fff; background: #ffe600; padding: 1px 4px; border-radius: 3px; WARN: A cmp is already registered in the system. AdConsent is stopping. @ https://cdn.snigelweb.com/adconsent/adconsent.js:0
[    1301ms] [LOG] %c【AdEngine】(SN-20062_gam_disable_flag-172) queued at 1158ms and loaded in 21ms. (wiki.gg:19583-1785763146306-default) color:#2dc9ac; @ https://adengine.snigelweb.com/wiki.gg/19583-1785763146306/adngin.js:0
[    1315ms] [ERROR] 【adngin】(1.3880s) ERROR: adConsent: Object 'adconsent' not found. @ https://adengine.snigelweb.com/wiki.gg/19583-1785763146306/adngin.js:0
[    1547ms] [ERROR] TypeError: Cannot read properties of undefined (reading 'consents')
    at Ht (<anonymous>:1:33593)
    at <anonymous>:1:32985
    at i.getTCData [as callback] (https://cdn.privacy-mgmt.com/unified/4.40.2/gdpr-tcf.27718c8cb9d29947d2c1.bundle.js:1:153075)
    at i.value (https://cdn.privacy-mgmt.com/unified/4.40.2/gdpr-tcf.27718c8cb9d29947d2c1.bundle.js:1:10783)
    at i.value (https://cdn.privacy-mgmt.com/unified/4.40.2/gdpr-tcf.27718c8cb9d29947d2c1.bundle.js:1:13032)
    at i.value (https://cdn.privacy-mgmt.com/unified/4.40.2/gdpr-tcf.27718c8cb9d29947d2c1.bundle.js:1:139733)
    at new e (https://cdn.privacy-mgmt.com/unified/4.40.2/gdpr-tcf.27718c8cb9d29947d2c1.bundle.js:1:10623)
    at i.<anonymous> (https://cdn.privacy-mgmt.com/unified/4.40.2/gdpr-tcf.27718c8cb9d29947d2c1.bundle.js:1:12073)
    at new i (https://cdn.privacy-mgmt.com/unified/4.40.2/gdpr-tcf.27718c8cb9d29947d2c1.bundle.js:1:12931)
    at i.<anonymous> (https://cdn.privacy-mgmt.com/unified/4.40.2/gdpr-tcf.27718c8cb9d29947d2c1.bundle.js:1:138671) @ https://cdn.privacy-mgmt.com/unified/wrapperMessagingWithoutDetection.js:0
[    2003ms] [WARNING] [GPT] PubAdsService.disableInitialLoad is deprecated, use googletag.setConfig({disableInitialLoad: ...}) instead.
https://goo.gle/gpt-message#170 @ https://securepubads.g.doubleclick.net/pagead/managed/js/gpt/m202608170101/pubads_impl.js?cb=122880484:18
[    2116ms] [LOG] Starting 3pc test @ https://static.anonm.io/light/check3pc.html:10
[    2120ms] [LOG] 3PC enabled: true @ https://static.anonm.io/light/check3pc.html:33
[    2120ms] [LOG] Storage API: cookie access granted @ https://static.anonm.io/light/check3pc.html:16
[    2179ms] [WARNING] [GPT] Slot.getTargeting is deprecated, use Slot.getConfig('targeting') instead.
https://goo.gle/gpt-message#201 @ https://securepubads.g.doubleclick.net/pagead/managed/js/gpt/m202608170101/pubads_impl.js?cb=122880484:18
[    3535ms] [LOG] AnonEventManager: found 0 event definitions for current page @ https://cdn1.anonymised.io/light/retargeting.js?v=1.8.68:0
[    7308ms] [ERROR] Failed to load resource: net::ERR_NAME_NOT_RESOLVED @ https://cs.iqzone.com/6f0476ca45e1d6b67e3ee8d57532a022.gif?redir=https%3A%2F%2Fsync.cootlogix.com%2Fapi%2Fcookie%3FpartnerId%3Diqzone%26gdpr%3D0%26gdpr_consent%3D%26us_privacy%3D%26userId%3D%5BUID%5D&gdpr=0&gdpr_consent=&ccpa=:0
[    8002ms] [ERROR] Failed to load resource: the server responded with a status of 404 () @ https://cs.admanmedia.com/c899400112bd5b9243b3993d9a074653.gif?puid=[UID]&redir=https%3A%2F%2Fcsync.smilewanted.com%2Fset_partner_userid_get%2Fillumin%2F%5BUID%5D&gdpr=0&gdpr_consent=:0
[   14076ms] [WARNING] An iframe which has both allow-scripts and allow-same-origin for its sandbox attribute can escape its sandboxing. @ about:srcdoc:0
[   14125ms] [ERROR] Attestation check for Shared Storage on https://www.googleadservices.com failed. @ https://www.googleadservices.com/pagead/managed/js/activeview/current/reach_worklet.html:0
[   14190ms] [ERROR] Attestation check for Attribution Reporting on https://ad.doubleclick.net failed. @ https://calamitymod.wiki.gg/wiki/The_Sponge:0
[   14280ms] [ERROR] Attestation check for Attribution Reporting on https://ad.doubleclick.net failed. @ https://calamitymod.wiki.gg/wiki/The_Sponge:0
[   21976ms] [WARNING] The resource https://securepubads.g.doubleclick.net/tag/js/gpt.js was preloaded using link preload but not used within a few seconds from the window's load event. Please make sure it has an appropriate `as` value and it is preloaded intentionally. @ https://calamitymod.wiki.gg/wiki/The_Sponge:0
[   21976ms] [WARNING] The resource https://00917082-71e9-498e-8343-00c3df06b798.edge.permutive.app/00917082-71e9-498e-8343-00c3df06b798-web.js was preloaded using link preload but not used within a few seconds from the window's load event. Please make sure it has an appropriate `as` value and it is preloaded intentionally. @ https://calamitymod.wiki.gg/wiki/The_Sponge:0
[   39479ms] [WARNING] The resource https://securepubads.g.doubleclick.net/tag/js/gpt.js was preloaded using link preload but not used within a few seconds from the window's load event. Please make sure it has an appropriate `as` value and it is preloaded intentionally. @ https://calamitymod.wiki.gg/wiki/The_Sponge:0
[   39479ms] [WARNING] The resource https://00917082-71e9-498e-8343-00c3df06b798.edge.permutive.app/00917082-71e9-498e-8343-00c3df06b798-web.js was preloaded using link preload but not used within a few seconds from the window's load event. Please make sure it has an appropriate `as` value and it is preloaded intentionally. @ https://calamitymod.wiki.gg/wiki/The_Sponge:0
[   49494ms] [WARNING] The resource https://securepubads.g.doubleclick.net/tag/js/gpt.js was preloaded using link preload but not used within a few seconds from the window's load event. Please make sure it has an appropriate `as` value and it is preloaded intentionally. @ https://calamitymod.wiki.gg/wiki/The_Sponge:0
[   49495ms] [WARNING] The resource https://00917082-71e9-498e-8343-00c3df06b798.edge.permutive.app/00917082-71e9-498e-8343-00c3df06b798-web.js was preloaded using link preload but not used within a few seconds from the window's load event. Please make sure it has an appropriate `as` value and it is preloaded intentionally. @ https://calamitymod.wiki.gg/wiki/The_Sponge:0
[   63524ms] [WARNING] The resource https://securepubads.g.doubleclick.net/tag/js/gpt.js was preloaded using link preload but not used within a few seconds from the window's load event. Please make sure it has an appropriate `as` value and it is preloaded intentionally. @ https://calamitymod.wiki.gg/wiki/The_Sponge:0
[   63524ms] [WARNING] The resource https://00917082-71e9-498e-8343-00c3df06b798.edge.permutive.app/00917082-71e9-498e-8343-00c3df06b798-web.js was preloaded using link preload but not used within a few seconds from the window's load event. Please make sure it has an appropriate `as` value and it is preloaded intentionally. @ https://calamitymod.wiki.gg/wiki/The_Sponge:0
[   69495ms] [WARNING] The resource https://securepubads.g.doubleclick.net/tag/js/gpt.js was preloaded using link preload but not used within a few seconds from the window's load event. Please make sure it has an appropriate `as` value and it is preloaded intentionally. @ https://calamitymod.wiki.gg/wiki/The_Sponge:0
[   69495ms] [WARNING] The resource https://00917082-71e9-498e-8343-00c3df06b798.edge.permutive.app/00917082-71e9-498e-8343-00c3df06b798-web.js was preloaded using link preload but not used within a few seconds from the window's load event. Please make sure it has an appropriate `as` value and it is preloaded intentionally. @ https://calamitymod.wiki.gg/wiki/The_Sponge:0
[   75576ms] [WARNING] An iframe which has both allow-scripts and allow-same-origin for its sandbox attribute can escape its sandboxing. @ about:srcdoc:0
[   79897ms] [WARNING] The resource https://securepubads.g.doubleclick.net/tag/js/gpt.js was preloaded using link preload but not used within a few seconds from the window's load event. Please make sure it has an appropriate `as` value and it is preloaded intentionally. @ https://calamitymod.wiki.gg/wiki/The_Sponge:0
[   79897ms] [WARNING] The resource https://00917082-71e9-498e-8343-00c3df06b798.edge.permutive.app/00917082-71e9-498e-8343-00c3df06b798-web.js was preloaded using link preload but not used within a few seconds from the window's load event. Please make sure it has an appropriate `as` value and it is preloaded intentionally. @ https://calamitymod.wiki.gg/wiki/The_Sponge:0
[   83624ms] [WARNING] The resource https://securepubads.g.doubleclick.net/tag/js/gpt.js was preloaded using link preload but not used within a few seconds from the window's load event. Please make sure it has an appropriate `as` value and it is preloaded intentionally. @ https://calamitymod.wiki.gg/wiki/The_Sponge:0
[   83624ms] [WARNING] The resource https://00917082-71e9-498e-8343-00c3df06b798.edge.permutive.app/00917082-71e9-498e-8343-00c3df06b798-web.js was preloaded using link preload but not used within a few seconds from the window's load event. Please make sure it has an appropriate `as` value and it is preloaded intentionally. @ https://calamitymod.wiki.gg/wiki/The_Sponge:0
[  102648ms] [WARNING] An iframe which has both allow-scripts and allow-same-origin for its sandbox attribute can escape its sandboxing. @ https://scripts.webcontentassessor.com/scripts/fa866076b638fb98d1cc84e16435f506c69ce3f3d6433bb2591568441bb1a2ca:0
[   14125ms] [ERROR] Attestation check for Shared Storage on https://www.googleadservices.com failed. @ https://www.googleadservices.com/pagead/managed/js/activeview/current/reach_worklet.html:0
[  102936ms] [ERROR] Attestation check for Shared Storage on https://www.googleadservices.com failed. @ https://www.googleadservices.com/pagead/managed/js/activeview/current/reach_worklet.html:0
[  106510ms] [WARNING] An iframe which has both allow-scripts and allow-same-origin for its sandbox attribute can escape its sandboxing. @ about:srcdoc:0
[  110857ms] [WARNING] The resource https://securepubads.g.doubleclick.net/tag/js/gpt.js was preloaded using link preload but not used within a few seconds from the window's load event. Please make sure it has an appropriate `as` value and it is preloaded intentionally. @ https://calamitymod.wiki.gg/wiki/The_Sponge:0
[  110857ms] [WARNING] The resource https://00917082-71e9-498e-8343-00c3df06b798.edge.permutive.app/00917082-71e9-498e-8343-00c3df06b798-web.js was preloaded using link preload but not used within a few seconds from the window's load event. Please make sure it has an appropriate `as` value and it is preloaded intentionally. @ https://calamitymod.wiki.gg/wiki/The_Sponge:0
[  119502ms] [WARNING] The resource https://securepubads.g.doubleclick.net/tag/js/gpt.js was preloaded using link preload but not used within a few seconds from the window's load event. Please make sure it has an appropriate `as` value and it is preloaded intentionally. @ https://calamitymod.wiki.gg/wiki/The_Sponge:0
[  119503ms] [WARNING] The resource https://00917082-71e9-498e-8343-00c3df06b798.edge.permutive.app/00917082-71e9-498e-8343-00c3df06b798-web.js was preloaded using link preload but not used within a few seconds from the window's load event. Please make sure it has an appropriate `as` value and it is preloaded intentionally. @ https://calamitymod.wiki.gg/wiki/The_Sponge:0
[  123443ms] [WARNING] The resource https://securepubads.g.doubleclick.net/tag/js/gpt.js was preloaded using link preload but not used within a few seconds from the window's load event. Please make sure it has an appropriate `as` value and it is preloaded intentionally. @ https://calamitymod.wiki.gg/wiki/The_Sponge:0
[  123443ms] [WARNING] The resource https://00917082-71e9-498e-8343-00c3df06b798.edge.permutive.app/00917082-71e9-498e-8343-00c3df06b798-web.js was preloaded using link preload but not used within a few seconds from the window's load event. Please make sure it has an appropriate `as` value and it is preloaded intentionally. @ https://calamitymod.wiki.gg/wiki/The_Sponge:0
[  141150ms] [WARNING] The resource https://securepubads.g.doubleclick.net/tag/js/gpt.js was preloaded using link preload but not used within a few seconds from the window's load event. Please make sure it has an appropriate `as` value and it is preloaded intentionally. @ https://calamitymod.wiki.gg/wiki/The_Sponge:0
[  141150ms] [WARNING] The resource https://00917082-71e9-498e-8343-00c3df06b798.edge.permutive.app/00917082-71e9-498e-8343-00c3df06b798-web.js was preloaded using link preload but not used within a few seconds from the window's load event. Please make sure it has an appropriate `as` value and it is preloaded intentionally. @ https://calamitymod.wiki.gg/wiki/The_Sponge:0
[  149503ms] [WARNING] The resource https://securepubads.g.doubleclick.net/tag/js/gpt.js was preloaded using link preload but not used within a few seconds from the window's load event. Please make sure it has an appropriate `as` value and it is preloaded intentionally. @ https://calamitymod.wiki.gg/wiki/The_Sponge:0
[  149503ms] [WARNING] The resource https://00917082-71e9-498e-8343-00c3df06b798.edge.permutive.app/00917082-71e9-498e-8343-00c3df06b798-web.js was preloaded using link preload but not used within a few seconds from the window's load event. Please make sure it has an appropriate `as` value and it is preloaded intentionally. @ https://calamitymod.wiki.gg/wiki/The_Sponge:0
[  159653ms] [WARNING] The resource https://securepubads.g.doubleclick.net/tag/js/gpt.js was preloaded using link preload but not used within a few seconds from the window's load event. Please make sure it has an appropriate `as` value and it is preloaded intentionally. @ https://calamitymod.wiki.gg/wiki/The_Sponge:0
[  159653ms] [WARNING] The resource https://00917082-71e9-498e-8343-00c3df06b798.edge.permutive.app/00917082-71e9-498e-8343-00c3df06b798-web.js was preloaded using link preload but not used within a few seconds from the window's load event. Please make sure it has an appropriate `as` value and it is preloaded intentionally. @ https://calamitymod.wiki.gg/wiki/The_Sponge:0
[  174502ms] [WARNING] The resource https://securepubads.g.doubleclick.net/tag/js/gpt.js was preloaded using link preload but not used within a few seconds from the window's load event. Please make sure it has an appropriate `as` value and it is preloaded intentionally. @ https://calamitymod.wiki.gg/wiki/The_Sponge:0
[  174502ms] [WARNING] The resource https://00917082-71e9-498e-8343-00c3df06b798.edge.permutive.app/00917082-71e9-498e-8343-00c3df06b798-web.js was preloaded using link preload but not used within a few seconds from the window's load event. Please make sure it has an appropriate `as` value and it is preloaded intentionally. @ https://calamitymod.wiki.gg/wiki/The_Sponge:0
[  183527ms] [WARNING] The resource https://securepubads.g.doubleclick.net/tag/js/gpt.js was preloaded using link preload but not used within a few seconds from the window's load event. Please make sure it has an appropriate `as` value and it is preloaded intentionally. @ https://calamitymod.wiki.gg/wiki/The_Sponge:0
[  183527ms] [WARNING] The resource https://00917082-71e9-498e-8343-00c3df06b798.edge.permutive.app/00917082-71e9-498e-8343-00c3df06b798-web.js was preloaded using link preload but not used within a few seconds from the window's load event. Please make sure it has an appropriate `as` value and it is preloaded intentionally. @ https://calamitymod.wiki.gg/wiki/The_Sponge:0
[  190281ms] [WARNING] The resource https://securepubads.g.doubleclick.net/tag/js/gpt.js was preloaded using link preload but not used within a few seconds from the window's load event. Please make sure it has an appropriate `as` value and it is preloaded intentionally. @ https://calamitymod.wiki.gg/wiki/The_Sponge:0
[  190281ms] [WARNING] The resource https://00917082-71e9-498e-8343-00c3df06b798.edge.permutive.app/00917082-71e9-498e-8343-00c3df06b798-web.js was preloaded using link preload but not used within a few seconds from the window's load event. Please make sure it has an appropriate `as` value and it is preloaded intentionally. @ https://calamitymod.wiki.gg/wiki/The_Sponge:0
[  194500ms] [WARNING] The resource https://securepubads.g.doubleclick.net/tag/js/gpt.js was preloaded using link preload but not used within a few seconds from the window's load event. Please make sure it has an appropriate `as` value and it is preloaded intentionally. @ https://calamitymod.wiki.gg/wiki/The_Sponge:0
[  194500ms] [WARNING] The resource https://00917082-71e9-498e-8343-00c3df06b798.edge.permutive.app/00917082-71e9-498e-8343-00c3df06b798-web.js was preloaded using link preload but not used within a few seconds from the window's load event. Please make sure it has an appropriate `as` value and it is preloaded intentionally. @ https://calamitymod.wiki.gg/wiki/The_Sponge:0
[  199158ms] [WARNING] An iframe which has both allow-scripts and allow-same-origin for its sandbox attribute can escape its sandboxing. @ about:srcdoc:0
[  207229ms] [WARNING] The resource https://securepubads.g.doubleclick.net/tag/js/gpt.js was preloaded using link preload but not used within a few seconds from the window's load event. Please make sure it has an appropriate `as` value and it is preloaded intentionally. @ https://calamitymod.wiki.gg/wiki/The_Sponge:0
[  207229ms] [WARNING] The resource https://00917082-71e9-498e-8343-00c3df06b798.edge.permutive.app/00917082-71e9-498e-8343-00c3df06b798-web.js was preloaded using link preload but not used within a few seconds from the window's load event. Please make sure it has an appropriate `as` value and it is preloaded intentionally. @ https://calamitymod.wiki.gg/wiki/The_Sponge:0
[  210887ms] [WARNING] An iframe which has both allow-scripts and allow-same-origin for its sandbox attribute can escape its sandboxing. @ https://scripts.webcontentassessor.com/scripts/fa866076b638fb98d1cc84e16435f506c69ce3f3d6433bb2591568441bb1a2ca:0
[   14125ms] [ERROR] Attestation check for Shared Storage on https://www.googleadservices.com failed. @ https://www.googleadservices.com/pagead/managed/js/activeview/current/reach_worklet.html:0
[  102936ms] [ERROR] Attestation check for Shared Storage on https://www.googleadservices.com failed. @ https://www.googleadservices.com/pagead/managed/js/activeview/current/reach_worklet.html:0
[  211136ms] [ERROR] Attestation check for Shared Storage on https://www.googleadservices.com failed. @ https://www.googleadservices.com/pagead/managed/js/activeview/current/reach_worklet.html:0
[  219489ms] [WARNING] The resource https://securepubads.g.doubleclick.net/tag/js/gpt.js was preloaded using link preload but not used within a few seconds from the window's load event. Please make sure it has an appropriate `as` value and it is preloaded intentionally. @ https://calamitymod.wiki.gg/wiki/The_Sponge:0
[  219489ms] [WARNING] The resource https://00917082-71e9-498e-8343-00c3df06b798.edge.permutive.app/00917082-71e9-498e-8343-00c3df06b798-web.js was preloaded using link preload but not used within a few seconds from the window's load event. Please make sure it has an appropriate `as` value and it is preloaded intentionally. @ https://calamitymod.wiki.gg/wiki/The_Sponge:0
[  234496ms] [WARNING] The resource https://securepubads.g.doubleclick.net/tag/js/gpt.js was preloaded using link preload but not used within a few seconds from the window's load event. Please make sure it has an appropriate `as` value and it is preloaded intentionally. @ https://calamitymod.wiki.gg/wiki/The_Sponge:0
[  234496ms] [WARNING] The resource https://00917082-71e9-498e-8343-00c3df06b798.edge.permutive.app/00917082-71e9-498e-8343-00c3df06b798-web.js was preloaded using link preload but not used within a few seconds from the window's load event. Please make sure it has an appropriate `as` value and it is preloaded intentionally. @ https://calamitymod.wiki.gg/wiki/The_Sponge:0
[  245027ms] [WARNING] The resource https://securepubads.g.doubleclick.net/tag/js/gpt.js was preloaded using link preload but not used within a few seconds from the window's load event. Please make sure it has an appropriate `as` value and it is preloaded intentionally. @ https://calamitymod.wiki.gg/wiki/The_Sponge:0
[  245027ms] [WARNING] The resource https://00917082-71e9-498e-8343-00c3df06b798.edge.permutive.app/00917082-71e9-498e-8343-00c3df06b798-web.js was preloaded using link preload but not used within a few seconds from the window's load event. Please make sure it has an appropriate `as` value and it is preloaded intentionally. @ https://calamitymod.wiki.gg/wiki/The_Sponge:0
[  249483ms] [WARNING] The resource https://securepubads.g.doubleclick.net/tag/js/gpt.js was preloaded using link preload but not used within a few seconds from the window's load event. Please make sure it has an appropriate `as` value and it is preloaded intentionally. @ https://calamitymod.wiki.gg/wiki/The_Sponge:0
[  249483ms] [WARNING] The resource https://00917082-71e9-498e-8343-00c3df06b798.edge.permutive.app/00917082-71e9-498e-8343-00c3df06b798-web.js was preloaded using link preload but not used within a few seconds from the window's load event. Please make sure it has an appropriate `as` value and it is preloaded intentionally. @ https://calamitymod.wiki.gg/wiki/The_Sponge:0
[  264648ms] [WARNING] The resource https://securepubads.g.doubleclick.net/tag/js/gpt.js was preloaded using link preload but not used within a few seconds from the window's load event. Please make sure it has an appropriate `as` value and it is preloaded intentionally. @ https://calamitymod.wiki.gg/wiki/The_Sponge:0
[  264648ms] [WARNING] The resource https://00917082-71e9-498e-8343-00c3df06b798.edge.permutive.app/00917082-71e9-498e-8343-00c3df06b798-web.js was preloaded using link preload but not used within a few seconds from the window's load event. Please make sure it has an appropriate `as` value and it is preloaded intentionally. @ https://calamitymod.wiki.gg/wiki/The_Sponge:0
[  267937ms] [WARNING] An iframe which has both allow-scripts and allow-same-origin for its sandbox attribute can escape its sandboxing. @ about:srcdoc:0
[  276009ms] [WARNING] The resource https://securepubads.g.doubleclick.net/tag/js/gpt.js was preloaded using link preload but not used within a few seconds from the window's load event. Please make sure it has an appropriate `as` value and it is preloaded intentionally. @ https://calamitymod.wiki.gg/wiki/The_Sponge:0
[  276009ms] [WARNING] The resource https://00917082-71e9-498e-8343-00c3df06b798.edge.permutive.app/00917082-71e9-498e-8343-00c3df06b798-web.js was preloaded using link preload but not used within a few seconds from the window's load event. Please make sure it has an appropriate `as` value and it is preloaded intentionally. @ https://calamitymod.wiki.gg/wiki/The_Sponge:0
[  304494ms] [WARNING] The resource https://securepubads.g.doubleclick.net/tag/js/gpt.js was preloaded using link preload but not used within a few seconds from the window's load event. Please make sure it has an appropriate `as` value and it is preloaded intentionally. @ https://calamitymod.wiki.gg/wiki/The_Sponge:0
[  304494ms] [WARNING] The resource https://00917082-71e9-498e-8343-00c3df06b798.edge.permutive.app/00917082-71e9-498e-8343-00c3df06b798-web.js was preloaded using link preload but not used within a few seconds from the window's load event. Please make sure it has an appropriate `as` value and it is preloaded intentionally. @ https://calamitymod.wiki.gg/wiki/The_Sponge:0
[  324489ms] [WARNING] The resource https://securepubads.g.doubleclick.net/tag/js/gpt.js was preloaded using link preload but not used within a few seconds from the window's load event. Please make sure it has an appropriate `as` value and it is preloaded intentionally. @ https://calamitymod.wiki.gg/wiki/The_Sponge:0
[  324489ms] [WARNING] The resource https://00917082-71e9-498e-8343-00c3df06b798.edge.permutive.app/00917082-71e9-498e-8343-00c3df06b798-web.js was preloaded using link preload but not used within a few seconds from the window's load event. Please make sure it has an appropriate `as` value and it is preloaded intentionally. @ https://calamitymod.wiki.gg/wiki/The_Sponge:0
[  344477ms] [WARNING] The resource https://securepubads.g.doubleclick.net/tag/js/gpt.js was preloaded using link preload but not used within a few seconds from the window's load event. Please make sure it has an appropriate `as` value and it is preloaded intentionally. @ https://calamitymod.wiki.gg/wiki/The_Sponge:0
[  344477ms] [WARNING] The resource https://00917082-71e9-498e-8343-00c3df06b798.edge.permutive.app/00917082-71e9-498e-8343-00c3df06b798-web.js was preloaded using link preload but not used within a few seconds from the window's load event. Please make sure it has an appropriate `as` value and it is preloaded intentionally. @ https://calamitymod.wiki.gg/wiki/The_Sponge:0
[  359497ms] [WARNING] The resource https://securepubads.g.doubleclick.net/tag/js/gpt.js was preloaded using link preload but not used within a few seconds from the window's load event. Please make sure it has an appropriate `as` value and it is preloaded intentionally. @ https://calamitymod.wiki.gg/wiki/The_Sponge:0
[  359497ms] [WARNING] The resource https://00917082-71e9-498e-8343-00c3df06b798.edge.permutive.app/00917082-71e9-498e-8343-00c3df06b798-web.js was preloaded using link preload but not used within a few seconds from the window's load event. Please make sure it has an appropriate `as` value and it is preloaded intentionally. @ https://calamitymod.wiki.gg/wiki/The_Sponge:0
[  363457ms] [WARNING] The resource https://securepubads.g.doubleclick.net/tag/js/gpt.js was preloaded using link preload but not used within a few seconds from the window's load event. Please make sure it has an appropriate `as` value and it is preloaded intentionally. @ https://calamitymod.wiki.gg/wiki/The_Sponge:0
[  363457ms] [WARNING] The resource https://00917082-71e9-498e-8343-00c3df06b798.edge.permutive.app/00917082-71e9-498e-8343-00c3df06b798-web.js was preloaded using link preload but not used within a few seconds from the window's load event. Please make sure it has an appropriate `as` value and it is preloaded intentionally. @ https://calamitymod.wiki.gg/wiki/The_Sponge:0
[  395044ms] [WARNING] An iframe which has both allow-scripts and allow-same-origin for its sandbox attribute can escape its sandboxing. @ about:srcdoc:0
[  399490ms] [WARNING] The resource https://securepubads.g.doubleclick.net/tag/js/gpt.js was preloaded using link preload but not used within a few seconds from the window's load event. Please make sure it has an appropriate `as` value and it is preloaded intentionally. @ https://calamitymod.wiki.gg/wiki/The_Sponge:0
[  399490ms] [WARNING] The resource https://00917082-71e9-498e-8343-00c3df06b798.edge.permutive.app/00917082-71e9-498e-8343-00c3df06b798-web.js was preloaded using link preload but not used within a few seconds from the window's load event. Please make sure it has an appropriate `as` value and it is preloaded intentionally. @ https://calamitymod.wiki.gg/wiki/The_Sponge:0
[  403105ms] [WARNING] The resource https://securepubads.g.doubleclick.net/tag/js/gpt.js was preloaded using link preload but not used within a few seconds from the window's load event. Please make sure it has an appropriate `as` value and it is preloaded intentionally. @ https://calamitymod.wiki.gg/wiki/The_Sponge:0
[  403105ms] [WARNING] The resource https://00917082-71e9-498e-8343-00c3df06b798.edge.permutive.app/00917082-71e9-498e-8343-00c3df06b798-web.js was preloaded using link preload but not used within a few seconds from the window's load event. Please make sure it has an appropriate `as` value and it is preloaded intentionally. @ https://calamitymod.wiki.gg/wiki/The_Sponge:0
[  423466ms] [WARNING] The resource https://securepubads.g.doubleclick.net/tag/js/gpt.js was preloaded using link preload but not used within a few seconds from the window's load event. Please make sure it has an appropriate `as` value and it is preloaded intentionally. @ https://calamitymod.wiki.gg/wiki/The_Sponge:0
[  423466ms] [WARNING] The resource https://00917082-71e9-498e-8343-00c3df06b798.edge.permutive.app/00917082-71e9-498e-8343-00c3df06b798-web.js was preloaded using link preload but not used within a few seconds from the window's load event. Please make sure it has an appropriate `as` value and it is preloaded intentionally. @ https://calamitymod.wiki.gg/wiki/The_Sponge:0
[  429480ms] [WARNING] The resource https://securepubads.g.doubleclick.net/tag/js/gpt.js was preloaded using link preload but not used within a few seconds from the window's load event. Please make sure it has an appropriate `as` value and it is preloaded intentionally. @ https://calamitymod.wiki.gg/wiki/The_Sponge:0
[  429480ms] [WARNING] The resource https://00917082-71e9-498e-8343-00c3df06b798.edge.permutive.app/00917082-71e9-498e-8343-00c3df06b798-web.js was preloaded using link preload but not used within a few seconds from the window's load event. Please make sure it has an appropriate `as` value and it is preloaded intentionally. @ https://calamitymod.wiki.gg/wiki/The_Sponge:0
[  439490ms] [WARNING] The resource https://securepubads.g.doubleclick.net/tag/js/gpt.js was preloaded using link preload but not used within a few seconds from the window's load event. Please make sure it has an appropriate `as` value and it is preloaded intentionally. @ https://calamitymod.wiki.gg/wiki/The_Sponge:0
[  439491ms] [WARNING] The resource https://00917082-71e9-498e-8343-00c3df06b798.edge.permutive.app/00917082-71e9-498e-8343-00c3df06b798-web.js was preloaded using link preload but not used within a few seconds from the window's load event. Please make sure it has an appropriate `as` value and it is preloaded intentionally. @ https://calamitymod.wiki.gg/wiki/The_Sponge:0
[  451020ms] [WARNING] The resource https://securepubads.g.doubleclick.net/tag/js/gpt.js was preloaded using link preload but not used within a few seconds from the window's load event. Please make sure it has an appropriate `as` value and it is preloaded intentionally. @ https://calamitymod.wiki.gg/wiki/The_Sponge:0
[  451020ms] [WARNING] The resource https://00917082-71e9-498e-8343-00c3df06b798.edge.permutive.app/00917082-71e9-498e-8343-00c3df06b798-web.js was preloaded using link preload but not used within a few seconds from the window's load event. Please make sure it has an appropriate `as` value and it is preloaded intentionally. @ https://calamitymod.wiki.gg/wiki/The_Sponge:0
[  454495ms] [WARNING] The resource https://securepubads.g.doubleclick.net/tag/js/gpt.js was preloaded using link preload but not used within a few seconds from the window's load event. Please make sure it has an appropriate `as` value and it is preloaded intentionally. @ https://calamitymod.wiki.gg/wiki/The_Sponge:0
[  454495ms] [WARNING] The resource https://00917082-71e9-498e-8343-00c3df06b798.edge.permutive.app/00917082-71e9-498e-8343-00c3df06b798-web.js was preloaded using link preload but not used within a few seconds from the window's load event. Please make sure it has an appropriate `as` value and it is preloaded intentionally. @ https://calamitymod.wiki.gg/wiki/The_Sponge:0
[  484494ms] [WARNING] The resource https://securepubads.g.doubleclick.net/tag/js/gpt.js was preloaded using link preload but not used within a few seconds from the window's load event. Please make sure it has an appropriate `as` value and it is preloaded intentionally. @ https://calamitymod.wiki.gg/wiki/The_Sponge:0
[  484494ms] [WARNING] The resource https://00917082-71e9-498e-8343-00c3df06b798.edge.permutive.app/00917082-71e9-498e-8343-00c3df06b798-web.js was preloaded using link preload but not used within a few seconds from the window's load event. Please make sure it has an appropriate `as` value and it is preloaded intentionally. @ https://calamitymod.wiki.gg/wiki/The_Sponge:0
[  543482ms] [WARNING] The resource https://securepubads.g.doubleclick.net/tag/js/gpt.js was preloaded using link preload but not used within a few seconds from the window's load event. Please make sure it has an appropriate `as` value and it is preloaded intentionally. @ https://calamitymod.wiki.gg/wiki/The_Sponge:0
[  543483ms] [WARNING] The resource https://00917082-71e9-498e-8343-00c3df06b798.edge.permutive.app/00917082-71e9-498e-8343-00c3df06b798-web.js was preloaded using link preload but not used within a few seconds from the window's load event. Please make sure it has an appropriate `as` value and it is preloaded intentionally. @ https://calamitymod.wiki.gg/wiki/The_Sponge:0
[  564491ms] [WARNING] The resource https://securepubads.g.doubleclick.net/tag/js/gpt.js was preloaded using link preload but not used within a few seconds from the window's load event. Please make sure it has an appropriate `as` value and it is preloaded intentionally. @ https://calamitymod.wiki.gg/wiki/The_Sponge:0
[  564491ms] [WARNING] The resource https://00917082-71e9-498e-8343-00c3df06b798.edge.permutive.app/00917082-71e9-498e-8343-00c3df06b798-web.js was preloaded using link preload but not used within a few seconds from the window's load event. Please make sure it has an appropriate `as` value and it is preloaded intentionally. @ https://calamitymod.wiki.gg/wiki/The_Sponge:0
[  576225ms] [WARNING] The resource https://securepubads.g.doubleclick.net/tag/js/gpt.js was preloaded using link preload but not used within a few seconds from the window's load event. Please make sure it has an appropriate `as` value and it is preloaded intentionally. @ https://calamitymod.wiki.gg/wiki/The_Sponge:0
[  576225ms] [WARNING] The resource https://00917082-71e9-498e-8343-00c3df06b798.edge.permutive.app/00917082-71e9-498e-8343-00c3df06b798-web.js was preloaded using link preload but not used within a few seconds from the window's load event. Please make sure it has an appropriate `as` value and it is preloaded intentionally. @ https://calamitymod.wiki.gg/wiki/The_Sponge:0
[  579479ms] [WARNING] The resource https://securepubads.g.doubleclick.net/tag/js/gpt.js was preloaded using link preload but not used within a few seconds from the window's load event. Please make sure it has an appropriate `as` value and it is preloaded intentionally. @ https://calamitymod.wiki.gg/wiki/The_Sponge:0
[  579479ms] [WARNING] The resource https://00917082-71e9-498e-8343-00c3df06b798.edge.permutive.app/00917082-71e9-498e-8343-00c3df06b798-web.js was preloaded using link preload but not used within a few seconds from the window's load event. Please make sure it has an appropriate `as` value and it is preloaded intentionally. @ https://calamitymod.wiki.gg/wiki/The_Sponge:0
[  603574ms] [WARNING] The resource https://securepubads.g.doubleclick.net/tag/js/gpt.js was preloaded using link preload but not used within a few seconds from the window's load event. Please make sure it has an appropriate `as` value and it is preloaded intentionally. @ https://calamitymod.wiki.gg/wiki/The_Sponge:0
[  603574ms] [WARNING] The resource https://00917082-71e9-498e-8343-00c3df06b798.edge.permutive.app/00917082-71e9-498e-8343-00c3df06b798-web.js was preloaded using link preload but not used within a few seconds from the window's load event. Please make sure it has an appropriate `as` value and it is preloaded intentionally. @ https://calamitymod.wiki.gg/wiki/The_Sponge:0
[  663507ms] [WARNING] The resource https://securepubads.g.doubleclick.net/tag/js/gpt.js was preloaded using link preload but not used within a few seconds from the window's load event. Please make sure it has an appropriate `as` value and it is preloaded intentionally. @ https://calamitymod.wiki.gg/wiki/The_Sponge:0
[  663507ms] [WARNING] The resource https://00917082-71e9-498e-8343-00c3df06b798.edge.permutive.app/00917082-71e9-498e-8343-00c3df06b798-web.js was preloaded using link preload but not used within a few seconds from the window's load event. Please make sure it has an appropriate `as` value and it is preloaded intentionally. @ https://calamitymod.wiki.gg/wiki/The_Sponge:0
[   14125ms] [ERROR] Attestation check for Shared Storage on https://www.googleadservices.com failed. @ https://www.googleadservices.com/pagead/managed/js/activeview/current/reach_worklet.html:0
[  102936ms] [ERROR] Attestation check for Shared Storage on https://www.googleadservices.com failed. @ https://www.googleadservices.com/pagead/managed/js/activeview/current/reach_worklet.html:0
[  211136ms] [ERROR] Attestation check for Shared Storage on https://www.googleadservices.com failed. @ https://www.googleadservices.com/pagead/managed/js/activeview/current/reach_worklet.html:0
[  670794ms] [ERROR] Attestation check for Shared Storage on https://www.googleadservices.com failed. @ https://www.googleadservices.com/pagead/managed/js/activeview/current/reach_worklet.html:0
[   14125ms] [ERROR] Attestation check for Shared Storage on https://www.googleadservices.com failed. @ https://www.googleadservices.com/pagead/managed/js/activeview/current/reach_worklet.html:0
[  102936ms] [ERROR] Attestation check for Shared Storage on https://www.googleadservices.com failed. @ https://www.googleadservices.com/pagead/managed/js/activeview/current/reach_worklet.html:0
[  211136ms] [ERROR] Attestation check for Shared Storage on https://www.googleadservices.com failed. @ https://www.googleadservices.com/pagead/managed/js/activeview/current/reach_worklet.html:0
[  670794ms] [ERROR] Attestation check for Shared Storage on https://www.googleadservices.com failed. @ https://www.googleadservices.com/pagead/managed/js/activeview/current/reach_worklet.html:0
[  671239ms] [ERROR] Attestation check for Shared Storage on https://www.googleadservices.com failed. @ https://www.googleadservices.com/pagead/managed/js/activeview/current/reach_worklet.html:0
[  673538ms] [LOG] JSHandle@node @ https://s0.2mdn.net/sadbundle/705014368724838412/300x250-Display/animation.js:64
[  678557ms] [WARNING] The resource https://securepubads.g.doubleclick.net/tag/js/gpt.js was preloaded using link preload but not used within a few seconds from the window's load event. Please make sure it has an appropriate `as` value and it is preloaded intentionally. @ https://calamitymod.wiki.gg/wiki/The_Sponge:0
[  678557ms] [WARNING] The resource https://00917082-71e9-498e-8343-00c3df06b798.edge.permutive.app/00917082-71e9-498e-8343-00c3df06b798-web.js was preloaded using link preload but not used within a few seconds from the window's load event. Please make sure it has an appropriate `as` value and it is preloaded intentionally. @ https://calamitymod.wiki.gg/wiki/The_Sponge:0
[  684556ms] [WARNING] The resource https://securepubads.g.doubleclick.net/tag/js/gpt.js was preloaded using link preload but not used within a few seconds from the window's load event. Please make sure it has an appropriate `as` value and it is preloaded intentionally. @ https://calamitymod.wiki.gg/wiki/The_Sponge:0
[  684556ms] [WARNING] The resource https://00917082-71e9-498e-8343-00c3df06b798.edge.permutive.app/00917082-71e9-498e-8343-00c3df06b798-web.js was preloaded using link preload but not used within a few seconds from the window's load event. Please make sure it has an appropriate `as` value and it is preloaded intentionally. @ https://calamitymod.wiki.gg/wiki/The_Sponge:0
[  689498ms] [WARNING] The resource https://securepubads.g.doubleclick.net/tag/js/gpt.js was preloaded using link preload but not used within a few seconds from the window's load event. Please make sure it has an appropriate `as` value and it is preloaded intentionally. @ https://calamitymod.wiki.gg/wiki/The_Sponge:0
[  689498ms] [WARNING] The resource https://00917082-71e9-498e-8343-00c3df06b798.edge.permutive.app/00917082-71e9-498e-8343-00c3df06b798-web.js was preloaded using link preload but not used within a few seconds from the window's load event. Please make sure it has an appropriate `as` value and it is preloaded intentionally. @ https://calamitymod.wiki.gg/wiki/The_Sponge:0
[  694464ms] [WARNING] The resource https://securepubads.g.doubleclick.net/tag/js/gpt.js was preloaded using link preload but not used within a few seconds from the window's load event. Please make sure it has an appropriate `as` value and it is preloaded intentionally. @ https://calamitymod.wiki.gg/wiki/The_Sponge:0
[  694464ms] [WARNING] The resource https://00917082-71e9-498e-8343-00c3df06b798.edge.permutive.app/00917082-71e9-498e-8343-00c3df06b798-web.js was preloaded using link preload but not used within a few seconds from the window's load event. Please make sure it has an appropriate `as` value and it is preloaded intentionally. @ https://calamitymod.wiki.gg/wiki/The_Sponge:0
[  705049ms] [WARNING] The resource https://securepubads.g.doubleclick.net/tag/js/gpt.js was preloaded using link preload but not used within a few seconds from the window's load event. Please make sure it has an appropriate `as` value and it is preloaded intentionally. @ https://calamitymod.wiki.gg/wiki/The_Sponge:0
[  705049ms] [WARNING] The resource https://00917082-71e9-498e-8343-00c3df06b798.edge.permutive.app/00917082-71e9-498e-8343-00c3df06b798-web.js was preloaded using link preload but not used within a few seconds from the window's load event. Please make sure it has an appropriate `as` value and it is preloaded intentionally. @ https://calamitymod.wiki.gg/wiki/The_Sponge:0
[  709489ms] [WARNING] The resource https://securepubads.g.doubleclick.net/tag/js/gpt.js was preloaded using link preload but not used within a few seconds from the window's load event. Please make sure it has an appropriate `as` value and it is preloaded intentionally. @ https://calamitymod.wiki.gg/wiki/The_Sponge:0
[  709489ms] [WARNING] The resource https://00917082-71e9-498e-8343-00c3df06b798.edge.permutive.app/00917082-71e9-498e-8343-00c3df06b798-web.js was preloaded using link preload but not used within a few seconds from the window's load event. Please make sure it has an appropriate `as` value and it is preloaded intentionally. @ https://calamitymod.wiki.gg/wiki/The_Sponge:0
[  724524ms] [WARNING] The resource https://securepubads.g.doubleclick.net/tag/js/gpt.js was preloaded using link preload but not used within a few seconds from the window's load event. Please make sure it has an appropriate `as` value and it is preloaded intentionally. @ https://calamitymod.wiki.gg/wiki/The_Sponge:0
[  724524ms] [WARNING] The resource https://00917082-71e9-498e-8343-00c3df06b798.edge.permutive.app/00917082-71e9-498e-8343-00c3df06b798-web.js was preloaded using link preload but not used within a few seconds from the window's load event. Please make sure it has an appropriate `as` value and it is preloaded intentionally. @ https://calamitymod.wiki.gg/wiki/The_Sponge:0
[  789481ms] [WARNING] The resource https://securepubads.g.doubleclick.net/tag/js/gpt.js was preloaded using link preload but not used within a few seconds from the window's load event. Please make sure it has an appropriate `as` value and it is preloaded intentionally. @ https://calamitymod.wiki.gg/wiki/The_Sponge:0
[  789481ms] [WARNING] The resource https://00917082-71e9-498e-8343-00c3df06b798.edge.permutive.app/00917082-71e9-498e-8343-00c3df06b798-web.js was preloaded using link preload but not used within a few seconds from the window's load event. Please make sure it has an appropriate `as` value and it is preloaded intentionally. @ https://calamitymod.wiki.gg/wiki/The_Sponge:0
[  794528ms] [WARNING] The resource https://securepubads.g.doubleclick.net/tag/js/gpt.js was preloaded using link preload but not used within a few seconds from the window's load event. Please make sure it has an appropriate `as` value and it is preloaded intentionally. @ https://calamitymod.wiki.gg/wiki/The_Sponge:0
[  794528ms] [WARNING] The resource https://00917082-71e9-498e-8343-00c3df06b798.edge.permutive.app/00917082-71e9-498e-8343-00c3df06b798-web.js was preloaded using link preload but not used within a few seconds from the window's load event. Please make sure it has an appropriate `as` value and it is preloaded intentionally. @ https://calamitymod.wiki.gg/wiki/The_Sponge:0
[  843587ms] [WARNING] The resource https://securepubads.g.doubleclick.net/tag/js/gpt.js was preloaded using link preload but not used within a few seconds from the window's load event. Please make sure it has an appropriate `as` value and it is preloaded intentionally. @ https://calamitymod.wiki.gg/wiki/The_Sponge:0
[  843587ms] [WARNING] The resource https://00917082-71e9-498e-8343-00c3df06b798.edge.permutive.app/00917082-71e9-498e-8343-00c3df06b798-web.js was preloaded using link preload but not used within a few seconds from the window's load event. Please make sure it has an appropriate `as` value and it is preloaded intentionally. @ https://calamitymod.wiki.gg/wiki/The_Sponge:0
[  903606ms] [WARNING] The resource https://securepubads.g.doubleclick.net/tag/js/gpt.js was preloaded using link preload but not used within a few seconds from the window's load event. Please make sure it has an appropriate `as` value and it is preloaded intentionally. @ https://calamitymod.wiki.gg/wiki/The_Sponge:0
[  903606ms] [WARNING] The resource https://00917082-71e9-498e-8343-00c3df06b798.edge.permutive.app/00917082-71e9-498e-8343-00c3df06b798-web.js was preloaded using link preload but not used within a few seconds from the window's load event. Please make sure it has an appropriate `as` value and it is preloaded intentionally. @ https://calamitymod.wiki.gg/wiki/The_Sponge:0
[  908766ms] [WARNING] An iframe which has both allow-scripts and allow-same-origin for its sandbox attribute can escape its sandboxing. @ https://scripts.webcontentassessor.com/scripts/fa866076b638fb98d1cc84e16435f506c69ce3f3d6433bb2591568441bb1a2ca:0
[   14125ms] [ERROR] Attestation check for Shared Storage on https://www.googleadservices.com failed. @ https://www.googleadservices.com/pagead/managed/js/activeview/current/reach_worklet.html:0
[  102936ms] [ERROR] Attestation check for Shared Storage on https://www.googleadservices.com failed. @ https://www.googleadservices.com/pagead/managed/js/activeview/current/reach_worklet.html:0
[  211136ms] [ERROR] Attestation check for Shared Storage on https://www.googleadservices.com failed. @ https://www.googleadservices.com/pagead/managed/js/activeview/current/reach_worklet.html:0
[  670794ms] [ERROR] Attestation check for Shared Storage on https://www.googleadservices.com failed. @ https://www.googleadservices.com/pagead/managed/js/activeview/current/reach_worklet.html:0
[  671239ms] [ERROR] Attestation check for Shared Storage on https://www.googleadservices.com failed. @ https://www.googleadservices.com/pagead/managed/js/activeview/current/reach_worklet.html:0
[  909015ms] [ERROR] Attestation check for Shared Storage on https://www.googleadservices.com failed. @ https://www.googleadservices.com/pagead/managed/js/activeview/current/reach_worklet.html:0
[  917085ms] [WARNING] The resource https://securepubads.g.doubleclick.net/tag/js/gpt.js was preloaded using link preload but not used within a few seconds from the window's load event. Please make sure it has an appropriate `as` value and it is preloaded intentionally. @ https://calamitymod.wiki.gg/wiki/The_Sponge:0
[  917085ms] [WARNING] The resource https://00917082-71e9-498e-8343-00c3df06b798.edge.permutive.app/00917082-71e9-498e-8343-00c3df06b798-web.js was preloaded using link preload but not used within a few seconds from the window's load event. Please make sure it has an appropriate `as` value and it is preloaded intentionally. @ https://calamitymod.wiki.gg/wiki/The_Sponge:0
[  929470ms] [WARNING] The resource https://securepubads.g.doubleclick.net/tag/js/gpt.js was preloaded using link preload but not used within a few seconds from the window's load event. Please make sure it has an appropriate `as` value and it is preloaded intentionally. @ https://calamitymod.wiki.gg/wiki/The_Sponge:0
[  929470ms] [WARNING] The resource https://00917082-71e9-498e-8343-00c3df06b798.edge.permutive.app/00917082-71e9-498e-8343-00c3df06b798-web.js was preloaded using link preload but not used within a few seconds from the window's load event. Please make sure it has an appropriate `as` value and it is preloaded intentionally. @ https://calamitymod.wiki.gg/wiki/The_Sponge:0
[  940269ms] [WARNING] An iframe which has both allow-scripts and allow-same-origin for its sandbox attribute can escape its sandboxing. @ about:srcdoc:0
[  944494ms] [WARNING] The resource https://securepubads.g.doubleclick.net/tag/js/gpt.js was preloaded using link preload but not used within a few seconds from the window's load event. Please make sure it has an appropriate `as` value and it is preloaded intentionally. @ https://calamitymod.wiki.gg/wiki/The_Sponge:0
[  944494ms] [WARNING] The resource https://00917082-71e9-498e-8343-00c3df06b798.edge.permutive.app/00917082-71e9-498e-8343-00c3df06b798-web.js was preloaded using link preload but not used within a few seconds from the window's load event. Please make sure it has an appropriate `as` value and it is preloaded intentionally. @ https://calamitymod.wiki.gg/wiki/The_Sponge:0
[  948393ms] [WARNING] The resource https://securepubads.g.doubleclick.net/tag/js/gpt.js was preloaded using link preload but not used within a few seconds from the window's load event. Please make sure it has an appropriate `as` value and it is preloaded intentionally. @ https://calamitymod.wiki.gg/wiki/The_Sponge:0
[  948393ms] [WARNING] The resource https://00917082-71e9-498e-8343-00c3df06b798.edge.permutive.app/00917082-71e9-498e-8343-00c3df06b798-web.js was preloaded using link preload but not used within a few seconds from the window's load event. Please make sure it has an appropriate `as` value and it is preloaded intentionally. @ https://calamitymod.wiki.gg/wiki/The_Sponge:0
[  964498ms] [WARNING] The resource https://securepubads.g.doubleclick.net/tag/js/gpt.js was preloaded using link preload but not used within a few seconds from the window's load event. Please make sure it has an appropriate `as` value and it is preloaded intentionally. @ https://calamitymod.wiki.gg/wiki/The_Sponge:0
[  964498ms] [WARNING] The resource https://00917082-71e9-498e-8343-00c3df06b798.edge.permutive.app/00917082-71e9-498e-8343-00c3df06b798-web.js was preloaded using link preload but not used within a few seconds from the window's load event. Please make sure it has an appropriate `as` value and it is preloaded intentionally. @ https://calamitymod.wiki.gg/wiki/The_Sponge:0
[  974644ms] [WARNING] The resource https://securepubads.g.doubleclick.net/tag/js/gpt.js was preloaded using link preload but not used within a few seconds from the window's load event. Please make sure it has an appropriate `as` value and it is preloaded intentionally. @ https://calamitymod.wiki.gg/wiki/The_Sponge:0
[  974644ms] [WARNING] The resource https://00917082-71e9-498e-8343-00c3df06b798.edge.permutive.app/00917082-71e9-498e-8343-00c3df06b798-web.js was preloaded using link preload but not used within a few seconds from the window's load event. Please make sure it has an appropriate `as` value and it is preloaded intentionally. @ https://calamitymod.wiki.gg/wiki/The_Sponge:0
[ 1009835ms] [WARNING] The resource https://securepubads.g.doubleclick.net/tag/js/gpt.js was preloaded using link preload but not used within a few seconds from the window's load event. Please make sure it has an appropriate `as` value and it is preloaded intentionally. @ https://calamitymod.wiki.gg/wiki/The_Sponge:0
[ 1009835ms] [WARNING] The resource https://00917082-71e9-498e-8343-00c3df06b798.edge.permutive.app/00917082-71e9-498e-8343-00c3df06b798-web.js was preloaded using link preload but not used within a few seconds from the window's load event. Please make sure it has an appropriate `as` value and it is preloaded intentionally. @ https://calamitymod.wiki.gg/wiki/The_Sponge:0
[ 1023670ms] [WARNING] The resource https://securepubads.g.doubleclick.net/tag/js/gpt.js was preloaded using link preload but not used within a few seconds from the window's load event. Please make sure it has an appropriate `as` value and it is preloaded intentionally. @ https://calamitymod.wiki.gg/wiki/The_Sponge:0
[ 1023670ms] [WARNING] The resource https://00917082-71e9-498e-8343-00c3df06b798.edge.permutive.app/00917082-71e9-498e-8343-00c3df06b798-web.js was preloaded using link preload but not used within a few seconds from the window's load event. Please make sure it has an appropriate `as` value and it is preloaded intentionally. @ https://calamitymod.wiki.gg/wiki/The_Sponge:0
[ 1083625ms] [WARNING] The resource https://securepubads.g.doubleclick.net/tag/js/gpt.js was preloaded using link preload but not used within a few seconds from the window's load event. Please make sure it has an appropriate `as` value and it is preloaded intentionally. @ https://calamitymod.wiki.gg/wiki/The_Sponge:0
[ 1083625ms] [WARNING] The resource https://00917082-71e9-498e-8343-00c3df06b798.edge.permutive.app/00917082-71e9-498e-8343-00c3df06b798-web.js was preloaded using link preload but not used within a few seconds from the window's load event. Please make sure it has an appropriate `as` value and it is preloaded intentionally. @ https://calamitymod.wiki.gg/wiki/The_Sponge:0
[ 1098260ms] [WARNING] An iframe which has both allow-scripts and allow-same-origin for its sandbox attribute can escape its sandboxing. @ about:srcdoc:0
[ 1106333ms] [WARNING] The resource https://securepubads.g.doubleclick.net/tag/js/gpt.js was preloaded using link preload but not used within a few seconds from the window's load event. Please make sure it has an appropriate `as` value and it is preloaded intentionally. @ https://calamitymod.wiki.gg/wiki/The_Sponge:0
[ 1106333ms] [WARNING] The resource https://00917082-71e9-498e-8343-00c3df06b798.edge.permutive.app/00917082-71e9-498e-8343-00c3df06b798-web.js was preloaded using link preload but not used within a few seconds from the window's load event. Please make sure it has an appropriate `as` value and it is preloaded intentionally. @ https://calamitymod.wiki.gg/wiki/The_Sponge:0
[ 1128790ms] [WARNING] An iframe which has both allow-scripts and allow-same-origin for its sandbox attribute can escape its sandboxing. @ about:srcdoc:0
[ 1136934ms] [WARNING] The resource https://securepubads.g.doubleclick.net/tag/js/gpt.js was preloaded using link preload but not used within a few seconds from the window's load event. Please make sure it has an appropriate `as` value and it is preloaded intentionally. @ https://calamitymod.wiki.gg/wiki/The_Sponge:0
[ 1136934ms] [WARNING] The resource https://00917082-71e9-498e-8343-00c3df06b798.edge.permutive.app/00917082-71e9-498e-8343-00c3df06b798-web.js was preloaded using link preload but not used within a few seconds from the window's load event. Please make sure it has an appropriate `as` value and it is preloaded intentionally. @ https://calamitymod.wiki.gg/wiki/The_Sponge:0
[ 1143694ms] [WARNING] The resource https://securepubads.g.doubleclick.net/tag/js/gpt.js was preloaded using link preload but not used within a few seconds from the window's load event. Please make sure it has an appropriate `as` value and it is preloaded intentionally. @ https://calamitymod.wiki.gg/wiki/The_Sponge:0
[ 1143694ms] [WARNING] The resource https://00917082-71e9-498e-8343-00c3df06b798.edge.permutive.app/00917082-71e9-498e-8343-00c3df06b798-web.js was preloaded using link preload but not used within a few seconds from the window's load event. Please make sure it has an appropriate `as` value and it is preloaded intentionally. @ https://calamitymod.wiki.gg/wiki/The_Sponge:0
[ 1150301ms] [WARNING] The resource https://securepubads.g.doubleclick.net/tag/js/gpt.js was preloaded using link preload but not used within a few seconds from the window's load event. Please make sure it has an appropriate `as` value and it is preloaded intentionally. @ https://calamitymod.wiki.gg/wiki/The_Sponge:0
[ 1150302ms] [WARNING] The resource https://00917082-71e9-498e-8343-00c3df06b798.edge.permutive.app/00917082-71e9-498e-8343-00c3df06b798-web.js was preloaded using link preload but not used within a few seconds from the window's load event. Please make sure it has an appropriate `as` value and it is preloaded intentionally. @ https://calamitymod.wiki.gg/wiki/The_Sponge:0
[ 1154477ms] [WARNING] The resource https://securepubads.g.doubleclick.net/tag/js/gpt.js was preloaded using link preload but not used within a few seconds from the window's load event. Please make sure it has an appropriate `as` value and it is preloaded intentionally. @ https://calamitymod.wiki.gg/wiki/The_Sponge:0
[ 1154477ms] [WARNING] The resource https://00917082-71e9-498e-8343-00c3df06b798.edge.permutive.app/00917082-71e9-498e-8343-00c3df06b798-web.js was preloaded using link preload but not used within a few seconds from the window's load event. Please make sure it has an appropriate `as` value and it is preloaded intentionally. @ https://calamitymod.wiki.gg/wiki/The_Sponge:0
[ 1164487ms] [WARNING] The resource https://securepubads.g.doubleclick.net/tag/js/gpt.js was preloaded using link preload but not used within a few seconds from the window's load event. Please make sure it has an appropriate `as` value and it is preloaded intentionally. @ https://calamitymod.wiki.gg/wiki/The_Sponge:0
[ 1164487ms] [WARNING] The resource https://00917082-71e9-498e-8343-00c3df06b798.edge.permutive.app/00917082-71e9-498e-8343-00c3df06b798-web.js was preloaded using link preload but not used within a few seconds from the window's load event. Please make sure it has an appropriate `as` value and it is preloaded intentionally. @ https://calamitymod.wiki.gg/wiki/The_Sponge:0
[ 1203683ms] [WARNING] The resource https://securepubads.g.doubleclick.net/tag/js/gpt.js was preloaded using link preload but not used within a few seconds from the window's load event. Please make sure it has an appropriate `as` value and it is preloaded intentionally. @ https://calamitymod.wiki.gg/wiki/The_Sponge:0
[ 1203683ms] [WARNING] The resource https://00917082-71e9-498e-8343-00c3df06b798.edge.permutive.app/00917082-71e9-498e-8343-00c3df06b798-web.js was preloaded using link preload but not used within a few seconds from the window's load event. Please make sure it has an appropriate `as` value and it is preloaded intentionally. @ https://calamitymod.wiki.gg/wiki/The_Sponge:0
[ 1234489ms] [WARNING] The resource https://securepubads.g.doubleclick.net/tag/js/gpt.js was preloaded using link preload but not used within a few seconds from the window's load event. Please make sure it has an appropriate `as` value and it is preloaded intentionally. @ https://calamitymod.wiki.gg/wiki/The_Sponge:0
[ 1234490ms] [WARNING] The resource https://00917082-71e9-498e-8343-00c3df06b798.edge.permutive.app/00917082-71e9-498e-8343-00c3df06b798-web.js was preloaded using link preload but not used within a few seconds from the window's load event. Please make sure it has an appropriate `as` value and it is preloaded intentionally. @ https://calamitymod.wiki.gg/wiki/The_Sponge:0
[ 1238523ms] [WARNING] An iframe which has both allow-scripts and allow-same-origin for its sandbox attribute can escape its sandboxing. @ about:srcdoc:0
[ 1246585ms] [WARNING] The resource https://securepubads.g.doubleclick.net/tag/js/gpt.js was preloaded using link preload but not used within a few seconds from the window's load event. Please make sure it has an appropriate `as` value and it is preloaded intentionally. @ https://calamitymod.wiki.gg/wiki/The_Sponge:0
[ 1246585ms] [WARNING] The resource https://00917082-71e9-498e-8343-00c3df06b798.edge.permutive.app/00917082-71e9-498e-8343-00c3df06b798-web.js was preloaded using link preload but not used within a few seconds from the window's load event. Please make sure it has an appropriate `as` value and it is preloaded intentionally. @ https://calamitymod.wiki.gg/wiki/The_Sponge:0
[ 1263744ms] [WARNING] The resource https://securepubads.g.doubleclick.net/tag/js/gpt.js was preloaded using link preload but not used within a few seconds from the window's load event. Please make sure it has an appropriate `as` value and it is preloaded intentionally. @ https://calamitymod.wiki.gg/wiki/The_Sponge:0
[ 1263744ms] [WARNING] The resource https://00917082-71e9-498e-8343-00c3df06b798.edge.permutive.app/00917082-71e9-498e-8343-00c3df06b798-web.js was preloaded using link preload but not used within a few seconds from the window's load event. Please make sure it has an appropriate `as` value and it is preloaded intentionally. @ https://calamitymod.wiki.gg/wiki/The_Sponge:0
[ 1274495ms] [WARNING] The resource https://securepubads.g.doubleclick.net/tag/js/gpt.js was preloaded using link preload but not used within a few seconds from the window's load event. Please make sure it has an appropriate `as` value and it is preloaded intentionally. @ https://calamitymod.wiki.gg/wiki/The_Sponge:0
[ 1274495ms] [WARNING] The resource https://00917082-71e9-498e-8343-00c3df06b798.edge.permutive.app/00917082-71e9-498e-8343-00c3df06b798-web.js was preloaded using link preload but not used within a few seconds from the window's load event. Please make sure it has an appropriate `as` value and it is preloaded intentionally. @ https://calamitymod.wiki.gg/wiki/The_Sponge:0
[ 1323681ms] [WARNING] The resource https://securepubads.g.doubleclick.net/tag/js/gpt.js was preloaded using link preload but not used within a few seconds from the window's load event. Please make sure it has an appropriate `as` value and it is preloaded intentionally. @ https://calamitymod.wiki.gg/wiki/The_Sponge:0
[ 1323681ms] [WARNING] The resource https://00917082-71e9-498e-8343-00c3df06b798.edge.permutive.app/00917082-71e9-498e-8343-00c3df06b798-web.js was preloaded using link preload but not used within a few seconds from the window's load event. Please make sure it has an appropriate `as` value and it is preloaded intentionally. @ https://calamitymod.wiki.gg/wiki/The_Sponge:0
[ 1354496ms] [WARNING] The resource https://securepubads.g.doubleclick.net/tag/js/gpt.js was preloaded using link preload but not used within a few seconds from the window's load event. Please make sure it has an appropriate `as` value and it is preloaded intentionally. @ https://calamitymod.wiki.gg/wiki/The_Sponge:0
[ 1354496ms] [WARNING] The resource https://00917082-71e9-498e-8343-00c3df06b798.edge.permutive.app/00917082-71e9-498e-8343-00c3df06b798-web.js was preloaded using link preload but not used within a few seconds from the window's load event. Please make sure it has an appropriate `as` value and it is preloaded intentionally. @ https://calamitymod.wiki.gg/wiki/The_Sponge:0
[ 1368519ms] [WARNING] An iframe which has both allow-scripts and allow-same-origin for its sandbox attribute can escape its sandboxing. @ https://scripts.webcontentassessor.com/scripts/fa866076b638fb98d1cc84e16435f506c69ce3f3d6433bb2591568441bb1a2ca:0
[   14125ms] [ERROR] Attestation check for Shared Storage on https://www.googleadservices.com failed. @ https://www.googleadservices.com/pagead/managed/js/activeview/current/reach_worklet.html:0
[  102936ms] [ERROR] Attestation check for Shared Storage on https://www.googleadservices.com failed. @ https://www.googleadservices.com/pagead/managed/js/activeview/current/reach_worklet.html:0
[  211136ms] [ERROR] Attestation check for Shared Storage on https://www.googleadservices.com failed. @ https://www.googleadservices.com/pagead/managed/js/activeview/current/reach_worklet.html:0
[  670794ms] [ERROR] Attestation check for Shared Storage on https://www.googleadservices.com failed. @ https://www.googleadservices.com/pagead/managed/js/activeview/current/reach_worklet.html:0
[  671239ms] [ERROR] Attestation check for Shared Storage on https://www.googleadservices.com failed. @ https://www.googleadservices.com/pagead/managed/js/activeview/current/reach_worklet.html:0
[  909015ms] [ERROR] Attestation check for Shared Storage on https://www.googleadservices.com failed. @ https://www.googleadservices.com/pagead/managed/js/activeview/current/reach_worklet.html:0
[ 1368749ms] [ERROR] Attestation check for Shared Storage on https://www.googleadservices.com failed. @ https://www.googleadservices.com/pagead/managed/js/activeview/current/reach_worklet.html:0
[ 1368920ms] [ERROR] Failed to load resource: net::ERR_NAME_NOT_RESOLVED @ https://s.thebrighttag.com/cs?tp=gcms&google_gid=CAESEDKIRHoOzsGAD5rwbht76pM&google_cver=1:0
[   14125ms] [ERROR] Attestation check for Shared Storage on https://www.googleadservices.com failed. @ https://www.googleadservices.com/pagead/managed/js/activeview/current/reach_worklet.html:0
[  102936ms] [ERROR] Attestation check for Shared Storage on https://www.googleadservices.com failed. @ https://www.googleadservices.com/pagead/managed/js/activeview/current/reach_worklet.html:0
[  211136ms] [ERROR] Attestation check for Shared Storage on https://www.googleadservices.com failed. @ https://www.googleadservices.com/pagead/managed/js/activeview/current/reach_worklet.html:0
[  670794ms] [ERROR] Attestation check for Shared Storage on https://www.googleadservices.com failed. @ https://www.googleadservices.com/pagead/managed/js/activeview/current/reach_worklet.html:0
[  671239ms] [ERROR] Attestation check for Shared Storage on https://www.googleadservices.com failed. @ https://www.googleadservices.com/pagead/managed/js/activeview/current/reach_worklet.html:0
[  909015ms] [ERROR] Attestation check for Shared Storage on https://www.googleadservices.com failed. @ https://www.googleadservices.com/pagead/managed/js/activeview/current/reach_worklet.html:0
[ 1368749ms] [ERROR] Attestation check for Shared Storage on https://www.googleadservices.com failed. @ https://www.googleadservices.com/pagead/managed/js/activeview/current/reach_worklet.html:0
[ 1369584ms] [ERROR] Attestation check for Shared Storage on https://www.googleadservices.com failed. @ https://www.googleadservices.com/pagead/managed/js/activeview/current/reach_worklet.html:0
[   14125ms] [ERROR] Attestation check for Shared Storage on https://www.googleadservices.com failed. @ https://www.googleadservices.com/pagead/managed/js/activeview/current/reach_worklet.html:0
[  102936ms] [ERROR] Attestation check for Shared Storage on https://www.googleadservices.com failed. @ https://www.googleadservices.com/pagead/managed/js/activeview/current/reach_worklet.html:0
[  211136ms] [ERROR] Attestation check for Shared Storage on https://www.googleadservices.com failed. @ https://www.googleadservices.com/pagead/managed/js/activeview/current/reach_worklet.html:0
[  670794ms] [ERROR] Attestation check for Shared Storage on https://www.googleadservices.com failed. @ https://www.googleadservices.com/pagead/managed/js/activeview/current/reach_worklet.html:0
[  671239ms] [ERROR] Attestation check for Shared Storage on https://www.googleadservices.com failed. @ https://www.googleadservices.com/pagead/managed/js/activeview/current/reach_worklet.html:0
[  909015ms] [ERROR] Attestation check for Shared Storage on https://www.googleadservices.com failed. @ https://www.googleadservices.com/pagead/managed/js/activeview/current/reach_worklet.html:0
[ 1368749ms] [ERROR] Attestation check for Shared Storage on https://www.googleadservices.com failed. @ https://www.googleadservices.com/pagead/managed/js/activeview/current/reach_worklet.html:0
[ 1369584ms] [ERROR] Attestation check for Shared Storage on https://www.googleadservices.com failed. @ https://www.googleadservices.com/pagead/managed/js/activeview/current/reach_worklet.html:0
[ 1370604ms] [ERROR] Attestation check for Shared Storage on https://www.googleadservices.com failed. @ https://www.googleadservices.com/pagead/managed/js/activeview/current/reach_worklet.html:0
[ 1371768ms] [WARNING] GSAP target undefined not found. https://greensock.com @ https://s0.2mdn.net/ads/studio/cached_libs/gsap_3.2.4_min.js:9
[ 1371769ms] [WARNING] GSAP target  not found. https://greensock.com @ https://s0.2mdn.net/ads/studio/cached_libs/gsap_3.2.4_min.js:9
[ 1371772ms] [WARNING] GSAP target  not found. https://greensock.com @ https://s0.2mdn.net/ads/studio/cached_libs/gsap_3.2.4_min.js:9
[ 1376760ms] [WARNING] The resource https://securepubads.g.doubleclick.net/tag/js/gpt.js was preloaded using link preload but not used within a few seconds from the window's load event. Please make sure it has an appropriate `as` value and it is preloaded intentionally. @ https://calamitymod.wiki.gg/wiki/The_Sponge:0
[ 1376760ms] [WARNING] The resource https://00917082-71e9-498e-8343-00c3df06b798.edge.permutive.app/00917082-71e9-498e-8343-00c3df06b798-web.js was preloaded using link preload but not used within a few seconds from the window's load event. Please make sure it has an appropriate `as` value and it is preloaded intentionally. @ https://calamitymod.wiki.gg/wiki/The_Sponge:0
[ 1383737ms] [WARNING] The resource https://securepubads.g.doubleclick.net/tag/js/gpt.js was preloaded using link preload but not used within a few seconds from the window's load event. Please make sure it has an appropriate `as` value and it is preloaded intentionally. @ https://calamitymod.wiki.gg/wiki/The_Sponge:0
[ 1383737ms] [WARNING] The resource https://00917082-71e9-498e-8343-00c3df06b798.edge.permutive.app/00917082-71e9-498e-8343-00c3df06b798-web.js was preloaded using link preload but not used within a few seconds from the window's load event. Please make sure it has an appropriate `as` value and it is preloaded intentionally. @ https://calamitymod.wiki.gg/wiki/The_Sponge:0
[ 1392726ms] [WARNING] The resource https://securepubads.g.doubleclick.net/tag/js/gpt.js was preloaded using link preload but not used within a few seconds from the window's load event. Please make sure it has an appropriate `as` value and it is preloaded intentionally. @ https://calamitymod.wiki.gg/wiki/The_Sponge:0
[ 1392726ms] [WARNING] The resource https://00917082-71e9-498e-8343-00c3df06b798.edge.permutive.app/00917082-71e9-498e-8343-00c3df06b798-web.js was preloaded using link preload but not used within a few seconds from the window's load event. Please make sure it has an appropriate `as` value and it is preloaded intentionally. @ https://calamitymod.wiki.gg/wiki/The_Sponge:0
[ 1400735ms] [WARNING] An iframe which has both allow-scripts and allow-same-origin for its sandbox attribute can escape its sandboxing. @ https://scripts.webcontentassessor.com/scripts/fa866076b638fb98d1cc84e16435f506c69ce3f3d6433bb2591568441bb1a2ca:0
[ 1368920ms] [ERROR] Failed to load resource: net::ERR_NAME_NOT_RESOLVED @ https://s.thebrighttag.com/cs?tp=gcms&google_gid=CAESEDKIRHoOzsGAD5rwbht76pM&google_cver=1:0
[   14125ms] [ERROR] Attestation check for Shared Storage on https://www.googleadservices.com failed. @ https://www.googleadservices.com/pagead/managed/js/activeview/current/reach_worklet.html:0
[  102936ms] [ERROR] Attestation check for Shared Storage on https://www.googleadservices.com failed. @ https://www.googleadservices.com/pagead/managed/js/activeview/current/reach_worklet.html:0
[  211136ms] [ERROR] Attestation check for Shared Storage on https://www.googleadservices.com failed. @ https://www.googleadservices.com/pagead/managed/js/activeview/current/reach_worklet.html:0
[  670794ms] [ERROR] Attestation check for Shared Storage on https://www.googleadservices.com failed. @ https://www.googleadservices.com/pagead/managed/js/activeview/current/reach_worklet.html:0
[  671239ms] [ERROR] Attestation check for Shared Storage on https://www.googleadservices.com failed. @ https://www.googleadservices.com/pagead/managed/js/activeview/current/reach_worklet.html:0
[  909015ms] [ERROR] Attestation check for Shared Storage on https://www.googleadservices.com failed. @ https://www.googleadservices.com/pagead/managed/js/activeview/current/reach_worklet.html:0
[ 1368749ms] [ERROR] Attestation check for Shared Storage on https://www.googleadservices.com failed. @ https://www.googleadservices.com/pagead/managed/js/activeview/current/reach_worklet.html:0
[ 1369584ms] [ERROR] Attestation check for Shared Storage on https://www.googleadservices.com failed. @ https://www.googleadservices.com/pagead/managed/js/activeview/current/reach_worklet.html:0
[ 1370604ms] [ERROR] Attestation check for Shared Storage on https://www.googleadservices.com failed. @ https://www.googleadservices.com/pagead/managed/js/activeview/current/reach_worklet.html:0
[   14125ms] [ERROR] Attestation check for Shared Storage on https://www.googleadservices.com failed. @ https://www.googleadservices.com/pagead/managed/js/activeview/current/reach_worklet.html:0
[  102936ms] [ERROR] Attestation check for Shared Storage on https://www.googleadservices.com failed. @ https://www.googleadservices.com/pagead/managed/js/activeview/current/reach_worklet.html:0
[  211136ms] [ERROR] Attestation check for Shared Storage on https://www.googleadservices.com failed. @ https://www.googleadservices.com/pagead/managed/js/activeview/current/reach_worklet.html:0
[  670794ms] [ERROR] Attestation check for Shared Storage on https://www.googleadservices.com failed. @ https://www.googleadservices.com/pagead/managed/js/activeview/current/reach_worklet.html:0
[  671239ms] [ERROR] Attestation check for Shared Storage on https://www.googleadservices.com failed. @ https://www.googleadservices.com/pagead/managed/js/activeview/current/reach_worklet.html:0
[  909015ms] [ERROR] Attestation check for Shared Storage on https://www.googleadservices.com failed. @ https://www.googleadservices.com/pagead/managed/js/activeview/current/reach_worklet.html:0
[ 1368749ms] [ERROR] Attestation check for Shared Storage on https://www.googleadservices.com failed. @ https://www.googleadservices.com/pagead/managed/js/activeview/current/reach_worklet.html:0
[ 1369584ms] [ERROR] Attestation check for Shared Storage on https://www.googleadservices.com failed. @ https://www.googleadservices.com/pagead/managed/js/activeview/current/reach_worklet.html:0
[ 1370604ms] [ERROR] Attestation check for Shared Storage on https://www.googleadservices.com failed. @ https://www.googleadservices.com/pagead/managed/js/activeview/current/reach_worklet.html:0
[ 1401268ms] [ERROR] Attestation check for Shared Storage on https://www.googleadservices.com failed. @ https://www.googleadservices.com/pagead/managed/js/activeview/current/reach_worklet.html:0
[ 1401489ms] [ERROR] Attestation check for Shared Storage on https://www.googleadservices.com failed. @ https://www.googleadservices.com/pagead/managed/js/activeview/current/reach_worklet.html:0
[ 1403451ms] [LOG] JSHandle@node @ https://s0.2mdn.net/sadbundle/705014368724838412/300x250-Display/animation.js:64
[ 1408950ms] [WARNING] The resource https://securepubads.g.doubleclick.net/tag/js/gpt.js was preloaded using link preload but not used within a few seconds from the window's load event. Please make sure it has an appropriate `as` value and it is preloaded intentionally. @ https://calamitymod.wiki.gg/wiki/The_Sponge:0
[ 1408950ms] [WARNING] The resource https://00917082-71e9-498e-8343-00c3df06b798.edge.permutive.app/00917082-71e9-498e-8343-00c3df06b798-web.js was preloaded using link preload but not used within a few seconds from the window's load event. Please make sure it has an appropriate `as` value and it is preloaded intentionally. @ https://calamitymod.wiki.gg/wiki/The_Sponge:0
[ 1414401ms] [WARNING] The resource https://securepubads.g.doubleclick.net/tag/js/gpt.js was preloaded using link preload but not used within a few seconds from the window's load event. Please make sure it has an appropriate `as` value and it is preloaded intentionally. @ https://calamitymod.wiki.gg/wiki/The_Sponge:0
[ 1414402ms] [WARNING] The resource https://00917082-71e9-498e-8343-00c3df06b798.edge.permutive.app/00917082-71e9-498e-8343-00c3df06b798-web.js was preloaded using link preload but not used within a few seconds from the window's load event. Please make sure it has an appropriate `as` value and it is preloaded intentionally. @ https://calamitymod.wiki.gg/wiki/The_Sponge:0
[ 1424385ms] [WARNING] The resource https://securepubads.g.doubleclick.net/tag/js/gpt.js was preloaded using link preload but not used within a few seconds from the window's load event. Please make sure it has an appropriate `as` value and it is preloaded intentionally. @ https://calamitymod.wiki.gg/wiki/The_Sponge:0
[ 1424385ms] [WARNING] The resource https://00917082-71e9-498e-8343-00c3df06b798.edge.permutive.app/00917082-71e9-498e-8343-00c3df06b798-web.js was preloaded using link preload but not used within a few seconds from the window's load event. Please make sure it has an appropriate `as` value and it is preloaded intentionally. @ https://calamitymod.wiki.gg/wiki/The_Sponge:0
[ 1435140ms] [WARNING] The resource https://securepubads.g.doubleclick.net/tag/js/gpt.js was preloaded using link preload but not used within a few seconds from the window's load event. Please make sure it has an appropriate `as` value and it is preloaded intentionally. @ https://calamitymod.wiki.gg/wiki/The_Sponge:0
[ 1435140ms] [WARNING] The resource https://00917082-71e9-498e-8343-00c3df06b798.edge.permutive.app/00917082-71e9-498e-8343-00c3df06b798-web.js was preloaded using link preload but not used within a few seconds from the window's load event. Please make sure it has an appropriate `as` value and it is preloaded intentionally. @ https://calamitymod.wiki.gg/wiki/The_Sponge:0
[ 1439486ms] [WARNING] The resource https://securepubads.g.doubleclick.net/tag/js/gpt.js was preloaded using link preload but not used within a few seconds from the window's load event. Please make sure it has an appropriate `as` value and it is preloaded intentionally. @ https://calamitymod.wiki.gg/wiki/The_Sponge:0
[ 1439486ms] [WARNING] The resource https://00917082-71e9-498e-8343-00c3df06b798.edge.permutive.app/00917082-71e9-498e-8343-00c3df06b798-web.js was preloaded using link preload but not used within a few seconds from the window's load event. Please make sure it has an appropriate `as` value and it is preloaded intentionally. @ https://calamitymod.wiki.gg/wiki/The_Sponge:0
[ 1443691ms] [WARNING] The resource https://securepubads.g.doubleclick.net/tag/js/gpt.js was preloaded using link preload but not used within a few seconds from the window's load event. Please make sure it has an appropriate `as` value and it is preloaded intentionally. @ https://calamitymod.wiki.gg/wiki/The_Sponge:0
[ 1443692ms] [WARNING] The resource https://00917082-71e9-498e-8343-00c3df06b798.edge.permutive.app/00917082-71e9-498e-8343-00c3df06b798-web.js was preloaded using link preload but not used within a few seconds from the window's load event. Please make sure it has an appropriate `as` value and it is preloaded intentionally. @ https://calamitymod.wiki.gg/wiki/The_Sponge:0
[ 1455938ms] [WARNING] The resource https://securepubads.g.doubleclick.net/tag/js/gpt.js was preloaded using link preload but not used within a few seconds from the window's load event. Please make sure it has an appropriate `as` value and it is preloaded intentionally. @ https://calamitymod.wiki.gg/wiki/The_Sponge:0
[ 1455938ms] [WARNING] The resource https://00917082-71e9-498e-8343-00c3df06b798.edge.permutive.app/00917082-71e9-498e-8343-00c3df06b798-web.js was preloaded using link preload but not used within a few seconds from the window's load event. Please make sure it has an appropriate `as` value and it is preloaded intentionally. @ https://calamitymod.wiki.gg/wiki/The_Sponge:0
[ 1459467ms] [WARNING] The resource https://securepubads.g.doubleclick.net/tag/js/gpt.js was preloaded using link preload but not used within a few seconds from the window's load event. Please make sure it has an appropriate `as` value and it is preloaded intentionally. @ https://calamitymod.wiki.gg/wiki/The_Sponge:0
[ 1459467ms] [WARNING] The resource https://00917082-71e9-498e-8343-00c3df06b798.edge.permutive.app/00917082-71e9-498e-8343-00c3df06b798-web.js was preloaded using link preload but not used within a few seconds from the window's load event. Please make sure it has an appropriate `as` value and it is preloaded intentionally. @ https://calamitymod.wiki.gg/wiki/The_Sponge:0
[ 1479476ms] [WARNING] The resource https://securepubads.g.doubleclick.net/tag/js/gpt.js was preloaded using link preload but not used within a few seconds from the window's load event. Please make sure it has an appropriate `as` value and it is preloaded intentionally. @ https://calamitymod.wiki.gg/wiki/The_Sponge:0
[ 1479476ms] [WARNING] The resource https://00917082-71e9-498e-8343-00c3df06b798.edge.permutive.app/00917082-71e9-498e-8343-00c3df06b798-web.js was preloaded using link preload but not used within a few seconds from the window's load event. Please make sure it has an appropriate `as` value and it is preloaded intentionally. @ https://calamitymod.wiki.gg/wiki/The_Sponge:0
[ 1492889ms] [WARNING] The resource https://securepubads.g.doubleclick.net/tag/js/gpt.js was preloaded using link preload but not used within a few seconds from the window's load event. Please make sure it has an appropriate `as` value and it is preloaded intentionally. @ https://calamitymod.wiki.gg/wiki/The_Sponge:0
[ 1492889ms] [WARNING] The resource https://00917082-71e9-498e-8343-00c3df06b798.edge.permutive.app/00917082-71e9-498e-8343-00c3df06b798-web.js was preloaded using link preload but not used within a few seconds from the window's load event. Please make sure it has an appropriate `as` value and it is preloaded intentionally. @ https://calamitymod.wiki.gg/wiki/The_Sponge:0
[ 1503705ms] [WARNING] The resource https://securepubads.g.doubleclick.net/tag/js/gpt.js was preloaded using link preload but not used within a few seconds from the window's load event. Please make sure it has an appropriate `as` value and it is preloaded intentionally. @ https://calamitymod.wiki.gg/wiki/The_Sponge:0
[ 1503705ms] [WARNING] The resource https://00917082-71e9-498e-8343-00c3df06b798.edge.permutive.app/00917082-71e9-498e-8343-00c3df06b798-web.js was preloaded using link preload but not used within a few seconds from the window's load event. Please make sure it has an appropriate `as` value and it is preloaded intentionally. @ https://calamitymod.wiki.gg/wiki/The_Sponge:0
[ 1524385ms] [WARNING] The resource https://securepubads.g.doubleclick.net/tag/js/gpt.js was preloaded using link preload but not used within a few seconds from the window's load event. Please make sure it has an appropriate `as` value and it is preloaded intentionally. @ https://calamitymod.wiki.gg/wiki/The_Sponge:0
[ 1524385ms] [WARNING] The resource https://00917082-71e9-498e-8343-00c3df06b798.edge.permutive.app/00917082-71e9-498e-8343-00c3df06b798-web.js was preloaded using link preload but not used within a few seconds from the window's load event. Please make sure it has an appropriate `as` value and it is preloaded intentionally. @ https://calamitymod.wiki.gg/wiki/The_Sponge:0
[ 1564483ms] [WARNING] The resource https://securepubads.g.doubleclick.net/tag/js/gpt.js was preloaded using link preload but not used within a few seconds from the window's load event. Please make sure it has an appropriate `as` value and it is preloaded intentionally. @ https://calamitymod.wiki.gg/wiki/The_Sponge:0
[ 1564483ms] [WARNING] The resource https://00917082-71e9-498e-8343-00c3df06b798.edge.permutive.app/00917082-71e9-498e-8343-00c3df06b798-web.js was preloaded using link preload but not used within a few seconds from the window's load event. Please make sure it has an appropriate `as` value and it is preloaded intentionally. @ https://calamitymod.wiki.gg/wiki/The_Sponge:0
[ 1612818ms] [WARNING] The resource https://securepubads.g.doubleclick.net/tag/js/gpt.js was preloaded using link preload but not used within a few seconds from the window's load event. Please make sure it has an appropriate `as` value and it is preloaded intentionally. @ https://calamitymod.wiki.gg/wiki/The_Sponge:0
[ 1612818ms] [WARNING] The resource https://00917082-71e9-498e-8343-00c3df06b798.edge.permutive.app/00917082-71e9-498e-8343-00c3df06b798-web.js was preloaded using link preload but not used within a few seconds from the window's load event. Please make sure it has an appropriate `as` value and it is preloaded intentionally. @ https://calamitymod.wiki.gg/wiki/The_Sponge:0
[ 1623708ms] [WARNING] The resource https://securepubads.g.doubleclick.net/tag/js/gpt.js was preloaded using link preload but not used within a few seconds from the window's load event. Please make sure it has an appropriate `as` value and it is preloaded intentionally. @ https://calamitymod.wiki.gg/wiki/The_Sponge:0
[ 1623709ms] [WARNING] The resource https://00917082-71e9-498e-8343-00c3df06b798.edge.permutive.app/00917082-71e9-498e-8343-00c3df06b798-web.js was preloaded using link preload but not used within a few seconds from the window's load event. Please make sure it has an appropriate `as` value and it is preloaded intentionally. @ https://calamitymod.wiki.gg/wiki/The_Sponge:0
[ 1629331ms] [WARNING] A speculation rule set was inserted into the document but will be ignored. This might happen, for example, if it was previously inserted into another document, or if it was created using the innerHTML setter. @ https://www.google.com/search?q=HELL+TELEPORTING+ITEM&oq=HELL+TELEPORTING+ITEM&gs_lcrp=EgZjaHJvbWUyBggAEEUYOTIICAEQABgWGB4yDQgCEAAYhgMYgAQYigUyDQgDEAAYhgMYgAQYigUyBwgEEAAY7wUyCggFEAAYgAQYogQyBwgGEAAY7wXSAQgzMTg1ajBqNKgCALACAQ&sourceid=chrome&source=chrome.ob&ie=UTF-8:34
[ 1696620ms] [INFO] Banner not shown: beforeinstallpromptevent.preventDefault() called. The page must call beforeinstallpromptevent.prompt() to show the banner. @ https://remotedesktop.google.com/:0
[ 1699197ms] [VERBOSE] [DOM] Password field is not contained in a form: (More info: https://goo.gl/9p2vKq) %o @ https://accounts.google.com/v3/signin/identifier?continue=https://remotedesktop.google.com/access&followup=https://remotedesktop.google.com/access&osid=1&passive=1209600&flowName=GlifWebSignIn&flowEntry=ServiceLogin&dsh=S-333004351:1787198897456680:0
[ 1719023ms] [VERBOSE] [DOM] Password field is not contained in a form: (More info: https://goo.gl/9p2vKq) %o @ https://accounts.google.com/v3/signin/challenge/pwd?TL=ACv9tzGKWTmGfX-bNl_vrd-65MkK-FxKO4_qXFtmnFXO9v5n2tdvEDk6TXC0F3FM&checkConnection=youtube%3A480&checkedDomains=youtube&cid=2&continue=https%3A%2F%2Fremotedesktop.google.com%2Faccess&dsh=S-333004351%3A1787198897456680&flowEntry=ServiceLogin&flowName=GlifWebSignIn&followup=https%3A%2F%2Fremotedesktop.google.com%2Faccess&osid=1&pstMsg=1:0
